
> sewa-ruang@0.1.0 build
> next build

Γû▓ Next.js 16.2.4 (Turbopack)
- Environments: .env.local

  Creating an optimized production build ...
Γ£ô Compiled successfully in 24.3s
  Running TypeScript ...
  Finished TypeScript in 24.6s ...
  Collecting page data using 11 workers ...
  Generating static pages using 11 workers (0/42) ...
  Generating static pages using 11 workers (10/42) 
  Generating static pages using 11 workers (20/42) 
  Generating static pages using 11 workers (31/42) 
Γ£ô Generating static pages using 11 workers (42/42) in 1596ms
  Finalizing page optimization ...

Route (app)                        Revalidate  Expire
Γöî Γùï /
Γö£ Γùï /_not-found
Γö£ ╞Æ /admin
Γö£ ╞Æ /admin/assets
Γö£ ╞Æ /admin/assets/[id]/edit
Γö£ ╞Æ /admin/assets/new
Γö£ ╞Æ /admin/bookings
Γö£ ╞Æ /admin/bookings/[id]
Γö£ ╞Æ /admin/bookings/new
Γö£ ╞Æ /admin/buildings
Γö£ ╞Æ /admin/buildings/[id]/edit
Γö£ ╞Æ /admin/buildings/new
Γö£ ╞Æ /admin/dashboard
Γö£ ╞Æ /admin/database
Γö£ ╞Æ /admin/equipment
Γö£ ╞Æ /admin/equipment/[slug]
Γö£ ╞Æ /admin/equipment/[slug]/edit
Γö£ ╞Æ /admin/equipment/new
Γö£ ╞Æ /admin/inventory
Γö£ ╞Æ /admin/inventory/[roomId]
Γö£ ╞Æ /admin/inventory/new
Γö£ ╞Æ /admin/logs
Γö£ ╞Æ /admin/notifications
Γö£ ╞Æ /admin/payments
Γö£ ╞Æ /admin/qr
Γö£ ╞Æ /admin/qr/batch
Γö£ ╞Æ /admin/reports
Γö£ ╞Æ /admin/returns
Γö£ ╞Æ /admin/returns/[id]
Γö£ ╞Æ /admin/rooms
Γö£ ╞Æ /admin/rooms/[id]
Γö£ ╞Æ /admin/rooms/[id]/edit
Γö£ ╞Æ /admin/rooms/new
Γö£ ╞Æ /admin/settings
Γö£ ╞Æ /admin/trash
Γö£ ╞Æ /admin/users
Γö£ ╞Æ /api/notifications/send
Γö£ ╞Æ /api/notifications/send-email
Γö£ ╞Æ /api/notifications/test-email
Γö£ ╞Æ /api/super-admin/users
Γö£ ╞Æ /api/super-admin/users/[id]
Γö£ ╞Æ /assets/[id]/scan
Γö£ ╞Æ /auth/callback
Γö£ ╞Æ /booking/new
Γö£ ╞Æ /bookings
Γö£ ╞Æ /bookings/[id]
Γö£ Γùï /catalog                              30s      1y
Γö£ ╞Æ /dashboard
Γö£ Γùï /forgot-password
Γö£ Γùï /login
Γö£ Γùï /register
Γö£ Γùï /reset-password
Γöö ╞Æ /rooms/[id]/inventory


╞Æ Proxy (Middleware)

Γùï  (Static)   prerendered as static content
╞Æ  (Dynamic)  server-rendered on demand

